// Jest Snapshot v1, https://jestjs.io/docs/snapshot-testing

exports[`Select Controlled should not have accessibility violations 1`] = `
.c3 {
  display: flex;
  box-sizing: border-box;
  max-width: 100%;
  align-items: center;
  min-width: 0;
  min-height: 0;
  flex-direction: row;
  justify-content: space-between;
}

.c4 {
  display: flex;
  box-sizing: border-box;
  min-width: 0;
  min-height: 0;
  flex-direction: row;
  flex: 1 1;
  flex-basis: auto;
}

.c8 {
  display: flex;
  box-sizing: border-box;
  max-width: 100%;
  margin-left: 12px;
  margin-right: 12px;
  min-width: 0;
  min-height: 0;
  flex-direction: column;
  flex: 0 0 auto;
}

.c9 {
  display: inline-block;
  flex: 0 0 auto;
  width: 24px;
  height: 24px;
  fill: #7D4CDB;
  stroke: #7D4CDB;
}

.c9 g {
  fill: inherit;
  stroke: inherit;
}

.c9 *:not([stroke])[fill='none'] {
  stroke-width: 0;
}

.c9 *[stroke*='#'],
.c9 *[STROKE*='#'] {
  stroke: inherit;
  fill: none;
}

.c9 *[fill-rule],
.c9 *[FILL-RULE],
.c9 *[fill*='#'],
.c9 *[FILL*='#'] {
  fill: inherit;
  stroke: none;
}

.c1 {
  display: inline-block;
  box-sizing: border-box;
  cursor: pointer;
  font: inherit;
  text-decoration: none;
  margin: 0;
  background: transparent;
  overflow: visible;
  text-transform: none;
  color: inherit;
  outline: none;
  border: none;
  padding: 0;
  text-align: inherit;
}

.c1:focus {
  outline: none;
  box-shadow: 0 0 2px 2px #6FFFB0;
}

.c1:focus >circle,
.c1:focus >ellipse,
.c1:focus >line,
.c1:focus >path,
.c1:focus >polygon,
.c1:focus >polyline,
.c1:focus >rect {
  outline: none;
  box-shadow: 0 0 2px 2px #6FFFB0;
}

.c1:focus ::-moz-focus-inner {
  border: 0;
}

.c1:focus:not(:focus-visible) {
  outline: none;
  box-shadow: none;
}

.c1:focus:not(:focus-visible) >circle,
.c1:focus:not(:focus-visible) >ellipse,
.c1:focus:not(:focus-visible) >line,
.c1:focus:not(:focus-visible) >path,
.c1:focus:not(:focus-visible) >polygon,
.c1:focus:not(:focus-visible) >polyline,
.c1:focus:not(:focus-visible) >rect {
  outline: none;
  box-shadow: none;
}

.c1:focus:not(:focus-visible) ::-moz-focus-inner {
  border: 0;
}

.c6 {
  box-sizing: border-box;
  font-size: inherit;
  font-family: inherit;
  border: none;
  -webkit-appearance: none;
  background: transparent;
  color: inherit;
  width: 100%;
  padding: 11px;
  font-weight: 600;
  margin: 0;
  border: 1px solid rgba(0, 0, 0, 0.33);
  border-radius: 4px;
  border: none;
  outline: none;
  border: none;
}

.c6::-webkit-input-placeholder {
  color: #AAAAAA;
}

.c6::-moz-placeholder {
  color: #AAAAAA;
}

.c6:-ms-input-placeholder {
  color: #AAAAAA;
}

.c6 ::-webkit-search-decoration {
  -webkit-appearance: none;
}

.c6::-moz-focus-inner {
  border: none;
  outline: none;
}

.c6:-moz-placeholder,
.c6::-moz-placeholder {
  opacity: 1;
}

.c5 {
  position: relative;
  width: 100%;
}

.c7 {
  cursor: pointer;
}

.c2 {
  border: 1px solid rgba(0, 0, 0, 0.33);
  border-radius: 4px;
}

.c0 {
  font-size: 18px;
  line-height: 24px;
  box-sizing: border-box;
  -webkit-text-size-adjust: 100%;
  -ms-text-size-adjust: 100%;
  -moz-osx-font-smoothing: grayscale;
  -webkit-font-smoothing: antialiased;
}

@media only screen and (max-width: 768px) {
  .c8 {
    margin-left: 6px;
    margin-right: 6px;
  }
}

<div
  class="c0"
>
  <button
    aria-expanded="false"
    aria-haspopup="listbox"
    aria-label="test"
    class="c1 c2"
    type="button"
  >
    <div
      class="c3"
    >
      <div
        class="c4"
      >
        <div
          class="c5"
        >
          <input
            aria-label="test"
            autocomplete="off"
            class="c6 c7"
            inert=""
            readonly=""
            tabindex="-1"
            type="text"
            value=""
          />
        </div>
      </div>
      <div
        class="c8"
        style="min-width: auto;"
      >
        <svg
          aria-label="FormDown"
          class="c9"
          viewBox="0 0 24 24"
        >
          <path
            d="m18 9-6 6-6-6"
            fill="none"
            stroke="#000"
            stroke-width="2"
          />
        </svg>
      </div>
    </div>
  </button>
</div>
`;
